Enter title: Enter artist: Enter play time (mm:ss): Enter file name: Enter title: Enter artist: Enter play time (mm:ss): Enter file name: Enter title: Enter artist: Enter play time (mm:ss): Enter file name: 

Average play time for songs: 234.00

Song with play time closest to 240 secs: Big Jet Plane

==============================================================================
Title                Artist               File Name                  Play Time
==============================================================================
Big Jet Plane        Julia Stone          sounds/westernBeat.wav           234
Big Jet Plane        Julia Stone          sounds/westernBeat.wav           234
Big Jet Plane        Julia Stone          sounds/westernBeat.wav           234
==============================================================================
