Enter title: Enter artist: Enter play time (mm:ss): Enter file name: Enter title: Enter artist: Enter play time (mm:ss): Enter file name: Enter title: Enter artist: Enter play time (mm:ss): Enter file name: 

Average play time for songs: 222.00

Song with play time closest to 240 secs: Big Jet Plane

==============================================================================
Title                Artist               File Name                  Play Time
==============================================================================
Where you end        Moby                 sounds/classical.wav             198
Big Jet Plane        Julia Stone          sounds/westernBeat.wav           234
Big Jet Plane        Julia Stone          sounds/westernBeat.wav           234
==============================================================================
